Archive member included because of file (symbol)

c:/software/electronica/arm/eclipsearm/sourcery-g++-lite-arm-2011.03/bin/../lib/gcc/arm-none-eabi/4.5.2\libgcc.a(_divsi3.o)
                              ./44blib.o (__aeabi_idiv)
c:/software/electronica/arm/eclipsearm/sourcery-g++-lite-arm-2011.03/bin/../lib/gcc/arm-none-eabi/4.5.2\libgcc.a(_dvmd_tls.o)
                              c:/software/electronica/arm/eclipsearm/sourcery-g++-lite-arm-2011.03/bin/../lib/gcc/arm-none-eabi/4.5.2\libgcc.a(_divsi3.o) (__aeabi_idiv0)

Allocating common symbols
Common symbol       size              file

led_state           0x4               ./led.o
fileSize            0x4               ./44blib.o
which_int           0x4               ./button.o
numero              0x4               ./button.o
downPt              0x4               ./44blib.o

Memory Configuration

Name             Origin             Length             Attributes
*default*        0x00000000         0xffffffff

Linker script and memory map

LOAD ./44binit.o
LOAD ./44blib.o
LOAD ./8led.o
LOAD ./button.o
LOAD ./init.o
LOAD ./led.o
LOAD ./main.o
START GROUP
LOAD c:/software/electronica/arm/eclipsearm/sourcery-g++-lite-arm-2011.03/bin/../lib/gcc/arm-none-eabi/4.5.2\libgcc.a
LOAD c:/software/electronica/arm/eclipsearm/sourcery-g++-lite-arm-2011.03/bin/../lib/gcc/arm-none-eabi/4.5.2/../../../../arm-none-eabi/lib\libc.a
END GROUP
                0x0c000000                . = 0xc000000
                0x0c000000                Image_RO_Base = .

.text           0x0c000000     0x1220
 *(.text)
 .text          0x0c000000      0x70c ./44binit.o
 .text          0x0c00070c      0x45c ./44blib.o
                0x0c00070c                Delay
                0x0c000844                DelayMs
                0x0c0008a8                Port_Init
                0x0c000a38                malloc
                0x0c000ad8                free
                0x0c000b08                sys_init
 .text          0x0c000b68       0x60 ./8led.o
                0x0c000b68                D8Led_init
                0x0c000b8c                D8Led_symbol
 .text          0x0c000bc8      0x220 ./button.o
                0x0c000bc8                Eint4567_init
                0x0c000ca0                Eint4567_ISR
 .text          0x0c000de8       0x1c ./init.o
                0x0c000de8                start
 .text          0x0c000e04      0x230 ./led.o
                0x0c000e04                leds_on
                0x0c000e24                leds_off
                0x0c000e44                led1_on
                0x0c000e84                led1_off
                0x0c000ec4                led2_on
                0x0c000f04                led2_off
                0x0c000f44                leds_switch
                0x0c000f84                Led_Display
 .text          0x0c001034       0xa0 ./main.o
                0x0c001034                button_init
                0x0c0010a8                Main
 .text          0x0c0010d4      0x148 c:/software/electronica/arm/eclipsearm/sourcery-g++-lite-arm-2011.03/bin/../lib/gcc/arm-none-eabi/4.5.2\libgcc.a(_divsi3.o)
                0x0c0010d4                __divsi3
                0x0c0010d4                __aeabi_idiv
                0x0c0011fc                __aeabi_idivmod
 .text          0x0c00121c        0x4 c:/software/electronica/arm/eclipsearm/sourcery-g++-lite-arm-2011.03/bin/../lib/gcc/arm-none-eabi/4.5.2\libgcc.a(_dvmd_tls.o)
                0x0c00121c                __aeabi_idiv0
                0x0c00121c                __aeabi_ldiv0
                0x0c001220                Image_RO_Limit = .
                0x0c001220                Image_RW_Base = .

.glue_7         0x0c001220        0x0
 .glue_7        0x00000000        0x0 linker stubs

.glue_7t        0x0c001220        0x0
 .glue_7t       0x00000000        0x0 linker stubs

.vfp11_veneer   0x0c001220        0x0
 .vfp11_veneer  0x00000000        0x0 linker stubs

.v4_bx          0x0c001220        0x0
 .v4_bx         0x00000000        0x0 linker stubs

.data           0x0c001220       0x54
 *(.data)
 .data          0x0c001220        0x6 ./44binit.o
                0x0c001220                BDRAMTYPE
 *fill*         0x0c001226        0x2 00
 .data          0x0c001228        0xc ./44blib.o
                0x0c001228                mallocPt
                0x0c00122c                run
 .data          0x0c001234       0x40 ./8led.o
                0x0c001234                Symbol
 .data          0x0c001274        0x0 ./button.o
 .data          0x0c001274        0x0 ./init.o
 .data          0x0c001274        0x0 ./led.o
 .data          0x0c001274        0x0 ./main.o
 .data          0x0c001274        0x0 c:/software/electronica/arm/eclipsearm/sourcery-g++-lite-arm-2011.03/bin/../lib/gcc/arm-none-eabi/4.5.2\libgcc.a(_divsi3.o)
 .data          0x0c001274        0x0 c:/software/electronica/arm/eclipsearm/sourcery-g++-lite-arm-2011.03/bin/../lib/gcc/arm-none-eabi/4.5.2\libgcc.a(_dvmd_tls.o)

.rodata
 *(.rodata)
                0x0c001274                Image_RW_Limit = .
                0x0c001274                Image_ZI_Base = .

.bss            0x0c001274       0x1c
 *(.bss)
 .bss           0x0c001274        0x0 ./44binit.o
 .bss           0x0c001274        0x4 ./44blib.o
                0x0c001274                restart
 .bss           0x0c001278        0x0 ./8led.o
 .bss           0x0c001278        0x4 ./button.o
                0x0c001278                symbol
 .bss           0x0c00127c        0x0 ./init.o
 .bss           0x0c00127c        0x0 ./led.o
 .bss           0x0c00127c        0x0 ./main.o
 .bss           0x0c00127c        0x0 c:/software/electronica/arm/eclipsearm/sourcery-g++-lite-arm-2011.03/bin/../lib/gcc/arm-none-eabi/4.5.2\libgcc.a(_divsi3.o)
 .bss           0x0c00127c        0x0 c:/software/electronica/arm/eclipsearm/sourcery-g++-lite-arm-2011.03/bin/../lib/gcc/arm-none-eabi/4.5.2\libgcc.a(_dvmd_tls.o)
 COMMON         0x0c00127c        0x8 ./44blib.o
                0x0c00127c                fileSize
                0x0c001280                downPt
 COMMON         0x0c001284        0x8 ./button.o
                0x0c001284                which_int
                0x0c001288                numero
 COMMON         0x0c00128c        0x4 ./led.o
                0x0c00128c                led_state
                0x0c001290                Image_ZI_Limit = .
                0x0c001290                __bss_start__ = .
                0x0c001290                __bss_end__ = .
                0x0c001290                __EH_FRAME_BEGIN__ = .
                0x0c001290                __EH_FRAME_END__ = .
                0x0c001290                PROVIDE (__stack, .)
                0x0c001290                end = .
                0x0c001290                _end = .

.ARM.attributes
                0x00000000       0x2e
 .ARM.attributes
                0x00000000       0x22 ./44binit.o
 .ARM.attributes
                0x00000022       0x32 ./44blib.o
 .ARM.attributes
                0x00000054       0x32 ./8led.o
 .ARM.attributes
                0x00000086       0x32 ./button.o
 .ARM.attributes
                0x000000b8       0x22 ./init.o
 .ARM.attributes
                0x000000da       0x32 ./led.o
 .ARM.attributes
                0x0000010c       0x32 ./main.o
 .ARM.attributes
                0x0000013e       0x1a c:/software/electronica/arm/eclipsearm/sourcery-g++-lite-arm-2011.03/bin/../lib/gcc/arm-none-eabi/4.5.2\libgcc.a(_divsi3.o)
 .ARM.attributes
                0x00000158       0x18 c:/software/electronica/arm/eclipsearm/sourcery-g++-lite-arm-2011.03/bin/../lib/gcc/arm-none-eabi/4.5.2\libgcc.a(_dvmd_tls.o)

.comment        0x00000000       0x2a
 .comment       0x00000000       0x2a ./44blib.o
                                 0x2b (size before relaxing)
 .comment       0x00000000       0x2b ./8led.o
 .comment       0x00000000       0x2b ./button.o
 .comment       0x00000000       0x2b ./led.o
 .comment       0x00000000       0x2b ./main.o

.debug_info     0x00000000      0x67d
 *(.debug_info)
 .debug_info    0x00000000       0x6e ./44binit.o
 .debug_info    0x0000006e      0x229 ./44blib.o
 .debug_info    0x00000297       0xa4 ./8led.o
 .debug_info    0x0000033b       0xef ./button.o
 .debug_info    0x0000042a       0x6b ./init.o
 .debug_info    0x00000495      0x104 ./led.o
 .debug_info    0x00000599       0xe4 ./main.o

.debug_line     0x00000000      0x9fd
 *(.debug_line)
 .debug_line    0x00000000      0x108 ./44binit.o
 .debug_line    0x00000108      0x3d7 ./44blib.o
 .debug_line    0x000004df       0x68 ./8led.o
 .debug_line    0x00000547       0xa2 ./button.o
 .debug_line    0x000005e9       0x3d ./init.o
 .debug_line    0x00000626       0x84 ./led.o
 .debug_line    0x000006aa      0x353 ./main.o

.debug_abbrev   0x00000000      0x38d
 *(.debug_abbrev)
 .debug_abbrev  0x00000000       0x14 ./44binit.o
 .debug_abbrev  0x00000014      0x11f ./44blib.o
 .debug_abbrev  0x00000133       0x9b ./8led.o
 .debug_abbrev  0x000001ce       0xa1 ./button.o
 .debug_abbrev  0x0000026f       0x14 ./init.o
 .debug_abbrev  0x00000283       0x7c ./led.o
 .debug_abbrev  0x000002ff       0x8e ./main.o

.debug_frame    0x00000000      0x2fc
 *(.debug_frame)
 .debug_frame   0x00000000       0xd0 ./44blib.o
 .debug_frame   0x000000d0       0x50 ./8led.o
 .debug_frame   0x00000120       0x5c ./button.o
 .debug_frame   0x0000017c      0x110 ./led.o
 .debug_frame   0x0000028c       0x50 ./main.o
 .debug_frame   0x000002dc       0x20 c:/software/electronica/arm/eclipsearm/sourcery-g++-lite-arm-2011.03/bin/../lib/gcc/arm-none-eabi/4.5.2\libgcc.a(_divsi3.o)
OUTPUT(Practica-1-SED.elf elf32-littlearm)

.debug_aranges  0x00000000       0xe0
 .debug_aranges
                0x00000000       0x20 ./44binit.o
 .debug_aranges
                0x00000020       0x20 ./44blib.o
 .debug_aranges
                0x00000040       0x20 ./8led.o
 .debug_aranges
                0x00000060       0x20 ./button.o
 .debug_aranges
                0x00000080       0x20 ./init.o
 .debug_aranges
                0x000000a0       0x20 ./led.o
 .debug_aranges
                0x000000c0       0x20 ./main.o

.debug_macinfo  0x00000000    0x1f1c6
 .debug_macinfo
                0x00000000     0x82fb ./44blib.o
 .debug_macinfo
                0x000082fb     0x512b ./8led.o
 .debug_macinfo
                0x0000d426     0x5227 ./button.o
 .debug_macinfo
                0x0001264d     0x50a3 ./led.o
 .debug_macinfo
                0x000176f0     0x7ad6 ./main.o

.debug_loc      0x00000000      0x370
 .debug_loc     0x00000000      0x108 ./44blib.o
 .debug_loc     0x00000108       0x58 ./8led.o
 .debug_loc     0x00000160       0x58 ./button.o
 .debug_loc     0x000001b8      0x160 ./led.o
 .debug_loc     0x00000318       0x58 ./main.o

.debug_pubnames
                0x00000000      0x1dc
 .debug_pubnames
                0x00000000       0x90 ./44blib.o
 .debug_pubnames
                0x00000090       0x3d ./8led.o
 .debug_pubnames
                0x000000cd       0x59 ./button.o
 .debug_pubnames
                0x00000126       0x8b ./led.o
 .debug_pubnames
                0x000001b1       0x2b ./main.o

.debug_pubtypes
                0x00000000       0x24
 .debug_pubtypes
                0x00000000       0x12 ./44blib.o
 .debug_pubtypes
                0x00000012       0x12 ./main.o

.debug_str      0x00000000      0x21c
 .debug_str     0x00000000      0x128 ./44blib.o
                                0x166 (size before relaxing)
 .debug_str     0x00000128       0x2f ./8led.o
                                 0x7e (size before relaxing)
 .debug_str     0x00000157       0x51 ./button.o
                                 0x9a (size before relaxing)
 .debug_str     0x000001a8       0x4f ./led.o
                                 0xaa (size before relaxing)
 .debug_str     0x000001f7       0x25 ./main.o
                                0x108 (size before relaxing)
